  0.10000000000000001       0.14726315789473685       0.19452631578947369       0.24178947368421053       0.28905263157894734       0.33631578947368423       0.38357894736842102       0.43084210526315792       0.47810526315789470       0.52536842105263160       0.57263157894736849       0.61989473684210528       0.66715789473684206       0.71442105263157885       0.76168421052631585       0.80894736842105264       0.85621052631578942       0.90347368421052632       0.95073684210526321       0.99800000000000000     
